-------
 Step0
-------

$ svn status
?       0_notes/0_Notes_HGU_2022-04-28.txt
M       1_v_files/par_adj_c32_v.v
M       1_v_files/pbl_bil_c32_v.v
M       1_v_files/pcs_msisdn_c32_v.v
M       1_v_files/pcs_orgpabx_c32_v.v
M       1_v_files/pic_item_c32_v.v
$

-------
 Step1
-------
$ java -classpath /Users/hakgu/Projects/gerrit/NinjaCore/ninja-core-root/tools/target/ninja-tools-36.1-SNAPSHOT.jar no.netcom.ninja.tools.Step1CreateOLRFiles | tee log-Step1.log
. . .
Processing file 51 - /Users/hakgu/Projects/svn/ninja-tuxedo-generation-hgu/1_v_files/pcs_ctn_c32_v.v
Processing file 52 - /Users/hakgu/Projects/svn/ninja-tuxedo-generation-hgu/1_v_files/par_disc_c32_v.v
Finished processing files


-------
 Step2
-------
$ java -classpath /Users/hakgu/Projects/gerrit/NinjaCore/ninja-core-root/tools/target/ninja-tools-36.1-SNAPSHOT.jar no.netcom.ninja.tools.Step2CreateBulkloaderFiles | tee log-Step2.log
. . .
Processing file 1120 - /Users/hakgu/Projects/svn/ninja-tuxedo-generation-hgu/2_olr_files/vo_blGtIToKp_olr.txt
Processing file 1121 - /Users/hakgu/Projects/svn/ninja-tuxedo-generation-hgu/2_olr_files/vi_cvRollback_olr.txt
Processing file 1122 - /Users/hakgu/Projects/svn/ninja-tuxedo-generation-hgu/2_olr_files/vo_cvRollback_olr.txt
Processing file 1123 - /Users/hakgu/Projects/svn/ninja-tuxedo-generation-hgu/2_olr_files/vi_gnGtLgclDt_olr.txt
Processing file 1124 - /Users/hakgu/Projects/svn/ninja-tuxedo-generation-hgu/2_olr_files/vo_gnGtLgclDt_olr.txt
Processing file 1125 - /Users/hakgu/Projects/svn/ninja-tuxedo-generation-hgu/2_olr_files/vi_csCrNpInfo_olr.txt
Processing file 1126 - /Users/hakgu/Projects/svn/ninja-tuxedo-generation-hgu/2_olr_files/vo_csCrNpInfo_olr.txt
Processing file 1127 - /Users/hakgu/Projects/svn/ninja-tuxedo-generation-hgu/2_olr_files/vi_gnGtWsn_olr.txt
Processing file 1128 - /Users/hakgu/Projects/svn/ninja-tuxedo-generation-hgu/2_olr_files/vo_gnGtWsn_olr.txt
Finished processing files

-------
 Step3
-------
Script: Tuxedo - 1 - check status of tables and clear workspace
* truncate table TUX_FML_BUFFERS_new;

$ java -classpath /Users/hakgu/Projects/gerrit/NinjaCore/ninja-core-root/common/target/ninja-common-36.1-SNAPSHOT.jar:/Users/hakgu/Projects/gerrit/NinjaCore/ninja-core-root/common/dist/common.jar:/Users/hakgu/Projects/gerrit/NinjaCore/ninja-core-root/core/target/ninja-core-36.1-SNAPSHOT.jar:/Users/hakgu/Projects/gerrit/NinjaCore/ninja-core-root/core/target/dependency/joltwls-10.0.jar:/Users/hakgu/Projects/gerrit/NinjaCore/ninja-core-root/core/target/dependency/xilclient-2.40build025.jar:/Users/hakgu/Projects/gerrit/NinjaCore/ninja-core-root/core/target/dependency/joltjse-10.0.jar:/Users/hakgu/Projects/gerrit/NinjaCore/ninja-core-root/core/target/dependency/ninja-common-36.1-SNAPSHOT.jar:/Users/hakgu/Projects/gerrit/NinjaCore/ninja-core-root/core/target/dependency/xilext-2.40build021.jar:/Users/hakgu/Projects/gerrit/NinjaCore/ninja-core-root/core/target/dependency/ojdbc7-12.1.0.2.jar:/Users/hakgu/Projects/gerrit/NinjaCore/ninja-core-root/core/target/dependency/jolt-10.0.jar:/Users/hakgu/Projects/gerrit/NinjaCore/ninja-core-root/core/target/dependency/log4j-1.2.13.jar:/Users/hakgu/Projects/gerrit/NinjaCore/ninja-core-root/core/target/dependency/xil-2.40build025.jar:/Users/hakgu/Projects/gerrit/NinjaCore/ninja-core-root/tools/target/ninja-tools-36.1-SNAPSHOT.jar  no.netcom.ninja.tools.Step3LoadDatabaseFromViewFiles | tee log-Step3.log
. . .
Starting File 52 - /Users/hakgu/Projects/svn/ninja-tuxedo-generation-hgu/1_v_files/par_disc_c32_v.v
Loading service 560: arLsFeeWa, IN buffer
Loading service 560: arLsFeeWa, OUT buffer
Loading service 561: arUpFeeWa, IN buffer
Loading service 561: arUpFeeWa, OUT buffer
Loading service 562: arLsDisc, IN buffer
Loading service 562: arLsDisc, OUT buffer
Loading service 563: arSvDisc, IN buffer
Loading service 563: arSvDisc, OUT buffer
Loading service 564: arGtFeeWa, IN buffer
Loading service 564: arGtFeeWa, OUT buffer
Total execution time: 760247 ms
~12 min 40 sec (via VPN and WiFi at home)
#~5 min 3 sec (in the office, via Wifi and VPN)

Output of SQL in script 1
-------------------------
----------- ------------------- ----------
CONTENT_TYP NINJA_VERSION         COUNT(*)
----------- ------------------- ----------
fields      30.0.0.0                 41799
fields      31.0.0.0                 41829
fields      31.0.1.0                 41832
fields      31.5.0.0                 41899
fields      31.5.1.0                 41943
fields      33.0.0.0                 42790
fields      33.0.0.0.drop1           42056
fields      33.0.0.0.drop2           42042
fields      33.0.0.0.drop3           42722
fields      33.0.0.0.prod            42764
fields      33.0.7.0                 42798
fields      34.0.0.0                 42868
fields      34.0.0.0.drop1           42801
fields      34.5.0.0                 42912
fields      34.6.0.0                 43429
fields      35.0.0.0                 43462
fields a)   tux_fml_buffers_new      43462
services    30.0.0.0                   538
services    31.0.0.0                   538
services    31.0.1.0                   538
services    31.5.0.0                   539
services    31.5.1.0                   539
services    33.0.0.0                   560
services    33.0.0.0.drop1             541
services    33.0.0.0.drop2             541
services    33.0.0.0.drop3             559
services    33.0.0.0.prod              560
services    33.0.7.0                   560
services    34.0.0.0                   561
services    34.0.0.0.drop1             560
services    34.5.0.0                   561
services    34.6.0.0                   563
services    35.0.0.0                   564
services a) tux_services_new           564
----------- ------------------- ----------


SQL Scripts 2 & 3
-----------------
Run Script 2: Tuxedo - 2 - update default values.sql
Run Script 3: Tuxedo - 3 - update conversational mapping values.sql

SQL Script 4: Changed Services
------------------------------
** Note! Change the current prod-version in the script first, otherwise you need to re-do all previous steps!
Run Script 4: Tuxedo - 4 - determine service changes and do copies.sql
HGU: Copy/Paste into a text-file, then:
$ cat tmp.txt | awk '{printf("%-30s %-7s %-15s %-37s\n", $1,$2,$3,$4);}'

SQL Script 4: 1. Any existing services changed? (Does counts, and matches fields by sequence)
-----------------------------------------------------------------------------------------
SVC_NAME                       In Use In Amdocs doc? Comment
------------------------------ ------ -------------- ------------------------------------
arImmMnNote
blGtBilledChg                  Y
blLsChgRvn
blLsMnNtReq
csGtSubRank                    Y
csSvOrgDep                     Y
icGtItmDef
icGtItmDtl
------------------------------ ------ -------------- ------------------------------------


SQL Script 4: 4. Any new fields (on existing services)? On which datasets?
--------------------------------------------------------------------------
------------------------------ ------ --- ------------------------------ ---------- ---------- ---------- -------------------
SVC_NAME                       IN_USE BUF FIELD_NAME                      FIELD_SEQ FIELD_TYPE FIELD_SIZE FIELD_MAX_OCCURENCE
------------------------------ ------ --- ------------------------------ ---------- ---------- ---------- -------------------
arImmMnNote                           IN  VAT_EXMP_IND_MN                        76 CHAR                                    1
arImmMnNote                           OUT VAT_EXMP_IND_MN                        53 CHAR                                    1
blGtBilledChg                       Y OUT UTC_FROM_TO_BAN                        35 LONG                                  600
blGtBilledChg                       Y OUT UTC_FROM_SUBSCRIBER                    36 STRING             21                 600
blLsChgRvn                            OUT UTC_FROM_TO_BAN                        35 LONG                                  600
blLsChgRvn                            OUT UTC_FROM_SUBSCRIBER                    36 STRING             21                 600
blLsMnNtReq                           OUT VAT_EXMP_IND_MN                        41 CHAR                                  300
csGtSubRank                         Y OUT CYCLE_CODE                             31 SHORT                                 600
csGtSubRank                         Y OUT CYCLE_RUN_MONTH                        32 SHORT                                 600
csGtSubRank                         Y OUT CYCLE_RUN_YEAR                         33 SHORT                                 600
csGtSubRank                         Y OUT BILL_SEQ_NO                            34 SHORT                                 600
csSvOrgDep                          Y IN  ERRORDESC                              29 STRING            161                  50
csSvOrgDep                          Y OUT ROWCOUNT                               17 LONG                                    1
csSvOrgDep                          Y OUT ROWMODE                                18 CHAR                                   50
csSvOrgDep                          Y OUT ROWID                                  19 STRING             19                  50
csSvOrgDep                          Y OUT ORG_CODE                               20 STRING             10                  50
csSvOrgDep                          Y OUT DEPARTMENT_CD                          21 STRING              5                  50
csSvOrgDep                          Y OUT SYS_CREATION_DATE                      22 STRING             15                  50
csSvOrgDep                          Y OUT SYS_UPDATE_DATE                        23 STRING             15                  50
csSvOrgDep                          Y OUT ORGDEPRECOPERATOR_ID                   24 LONG                                   50
csSvOrgDep                          Y OUT ORGDEPRECAPPLICATION_ID                25 STRING              7                  50
csSvOrgDep                          Y OUT DL_SERVICE_CODE                        26 STRING              6                  50
csSvOrgDep                          Y OUT DL_UPDATE_STAMP                        27 SHORT                                  50
csSvOrgDep                          Y OUT DEPT_DESC                              28 STRING             51                  50
csSvOrgDep                          Y OUT ERRORDESC                              29 STRING            161                  50
icGtItmDef                            OUT IMSI_SPLIT_IND                         39 CHAR                                    1
icGtItmDtl                            OUT IMSI_SPLIT_IND                         39 CHAR                                    1
icGtItmDtl                            OUT SPLIT_DIGITS                           54 STRING              3                   1
------------------------------ ------ --- ------------------------------ ---------- ---------- ---------- -------------------


SQL Script 4: 5. Any fields removed?
------------------------
N/A

SQL Script 4: 6. Changes to fields definitions (type, sizes, etc)
------------------------
N/A


SQL Script 5: Store the data as new version
-------------------------------------------
** Note! Change the future prod-version in the script first...
Run Script 5: Tuxedo - 5 - copies and versioning.sql


-----------------
 Prior to Step 4:
-----------------
Are there any new tuxedo-services we should generate Ninja support for? If yes, then run a similar SQL update for the services in question:

UPDATE tux_services_versions a
   SET a.in_use = 'Y', a.comments = a.comments || '; IN_USE=Y set by HGU at ' || TO_CHAR(SYSDATE, 'YYYY-MM-DD')
 WHERE a.svc_name IN ( 'csMoveSubLn' )
   AND a.in_use IS NULL
   AND a.ninja_version = '36.0.0.0'
;

-------
 Step4
-------
#
# Note; remember to use the correct new Fokus version as argument; in Atom it's most often off-screen... -->
#
$ java -classpath /Users/hakgu/Projects/gerrit/NinjaCore/ninja-core-root/common/target/ninja-common-36.1-SNAPSHOT.jar:/Users/hakgu/Projects/gerrit/NinjaCore/ninja-core-root/common/dist/common.jar:/Users/hakgu/Projects/gerrit/NinjaCore/ninja-core-root/core/target/ninja-core-36.1-SNAPSHOT.jar:/Users/hakgu/Projects/gerrit/NinjaCore/ninja-core-root/core/target/dependency/joltwls-10.0.jar:/Users/hakgu/Projects/gerrit/NinjaCore/ninja-core-root/core/target/dependency/xilclient-2.40build025.jar:/Users/hakgu/Projects/gerrit/NinjaCore/ninja-core-root/core/target/dependency/joltjse-10.0.jar:/Users/hakgu/Projects/gerrit/NinjaCore/ninja-core-root/core/target/dependency/ninja-common-36.1-SNAPSHOT.jar:/Users/hakgu/Projects/gerrit/NinjaCore/ninja-core-root/core/target/dependency/xilext-2.40build021.jar:/Users/hakgu/Projects/gerrit/NinjaCore/ninja-core-root/core/target/dependency/ojdbc7-12.1.0.2.jar:/Users/hakgu/Projects/gerrit/NinjaCore/ninja-core-root/core/target/dependency/jolt-10.0.jar:/Users/hakgu/Projects/gerrit/NinjaCore/ninja-core-root/core/target/dependency/log4j-1.2.13.jar:/Users/hakgu/Projects/gerrit/NinjaCore/ninja-core-root/core/target/dependency/xil-2.40build025.jar:/Users/hakgu/Projects/gerrit/NinjaCore/ninja-core-root/tools/target/ninja-tools-36.1-SNAPSHOT.jar  no.netcom.ninja.tools.Step4CreateServiceAndDatasetClassesFromDatabase All 36.0.0.0 | tee log-Step4.log
. . .
 Generating classes for service (170): csCtnClInf. Conversational = false. Fields shared with csApiBan = false... 268 ms.
 Generating classes for service (171): blGtNxUbCyc. Conversational = false. Fields shared with csApiBan = false... 108 ms.
 Generating classes for service (172): gnGtTree. Conversational = false. Fields shared with csApiBan = false... 299 ms.
 Generating classes for service (173): arRsSusBan. Conversational = false. Fields shared with csApiBan = false... 275 ms.
 Generating classes for service (174): blBiBuild. Conversational = false. Fields shared with csApiBan = false... 189 ms.
 Generating classes for service (175): csRsSusCtn. Conversational = false. Fields shared with csApiBan = false... 244 ms.
 Generating classes for service (176): csSrchNmPrm. Conversational = false. Fields shared with csApiBan = false... 193 ms.
 Generating classes for service (177): mmMemoLs. Conversational = false. Fields shared with csApiBan = false... 187 ms.
 Generating classes for service (178): mmUpMemo. Conversational = false. Fields shared with csApiBan = false... 193 ms.
 Generating classes for service (179): blGtContoInfo. Conversational = false. Fields shared with csApiBan = false... 199 ms.
 Generating classes for service (180): arBanPym. Conversational = false. Fields shared with csApiBan = false... 351 ms.
 Generating classes for service (181): blLsCallsDet. Conversational = false. Fields shared with csApiBan = false... 272 ms.
 Generating classes for service (182): csUpNamAdr. Conversational = false. Fields shared with csApiBan = false... 329 ms.
 Generating classes for service (183): cvSvCtnAgr. Conversational = true. Fields shared with csApiBan = true... 662 ms.
 Generating classes for service (184): arUpPymMtd. Conversational = false. Fields shared with csApiBan = false... 303 ms.
 Generating classes for service (185): csExpNpTrx. Conversational = false. Fields shared with csApiBan = false... 136 ms.
 Generating classes for service (186): arUpCstBan. Conversational = false. Fields shared with csApiBan = false... 1658 ms.
 Generating classes for service (187): arLsBanAgr. Conversational = false. Fields shared with csApiBan = false... 363 ms.
 Generating classes for service (188): arMoveBanLn. Conversational = false. Fields shared with csApiBan = false... 215 ms.
 Generating classes for service (189): gnChkAdrVld. Conversational = false. Fields shared with csApiBan = false... 164 ms.
 Generating classes for service (190): icObsSIM. Conversational = false. Fields shared with csApiBan = false... 131 ms.
 Generating classes for service (191): csGtOcAmt. Conversational = false. Fields shared with csApiBan = false... 132 ms.
 Generating classes for service (192): gnGetNl. Conversational = false. Fields shared with csApiBan = false... 161 ms.
 Generating classes for service (193): csGtWrkDate. Conversational = false. Fields shared with csApiBan = false... 126 ms.
 Generating classes for service (194): csChkMulti. Conversational = false. Fields shared with csApiBan = false... 184 ms.
Total execution time (ms): 67143

~ 1 min, 7 sec (VPN at home)
#~6 sec (in the office, not over VPN)
#~66 sec (in the office, via Wifi, over VPN)

---------
 Summary
---------

$ svn status
?       0_notes/0_Notes_HGU_2022-04-28.txt
?       0_notes/0_Notes_HGU_2022-06-16.txt
M       1_v_files/par_adj_c32_v.v
M       1_v_files/pbl_bil_c32_v.v
M       1_v_files/pcs_msisdn_c32_v.v
M       1_v_files/pcs_orgpabx_c32_v.v
M       1_v_files/pic_item_c32_v.v
M       2_olr_files/vi_arImmMnNote_olr.txt
M       2_olr_files/vi_csSvOrgDep_olr.txt
M       2_olr_files/vo_arImmMnNote_olr.txt
M       2_olr_files/vo_blGtBilledChg_olr.txt
M       2_olr_files/vo_blLsChgRvn_olr.txt
M       2_olr_files/vo_blLsMnNtReq_olr.txt
M       2_olr_files/vo_csGtSubRank_olr.txt
M       2_olr_files/vo_csSvOrgDep_olr.txt
M       2_olr_files/vo_icGtItmDef_olr.txt
M       2_olr_files/vo_icGtItmDtl_olr.txt
M       3_blk_files/arImmMnNote00_blk.txt
M       3_blk_files/blGtBilledChg00_blk.txt
M       3_blk_files/blLsChgRvn00_blk.txt
M       3_blk_files/blLsMnNtReq00_blk.txt
M       3_blk_files/csGtSubRank00_blk.txt
M       3_blk_files/csSvOrgDep00_blk.txt
M       3_blk_files/icGtItmDef00_blk.txt
M       3_blk_files/icGtItmDtl00_blk.txt
?       4_service_classes/CsMoveSubLnService.java
M       5_dataset_classes/BlGtBilledChgOutput.java
M       5_dataset_classes/CsGtSubRankOutput.java
?       5_dataset_classes/CsMoveSubLnInput.java
?       5_dataset_classes/CsMoveSubLnOutput.java
M       5_dataset_classes/CsSvOrgDepInput.java
M       5_dataset_classes/CsSvOrgDepOutput.java
M       Tuxedo - 4 - determine service changes and do copies.sql
M       Tuxedo - 5 - copies and versioning.sql
M       doCopyToGerrit
M       log-Step3.log
M       log-Step4.log
$

$ bash ./doGenerateCopyCommands | tee doCopyToGerrit
$ bash ./doGenerateCopyCommands | tee doCopyToGerrit | awk '{printf("%s %s %-50s %s\n", $1,$2,$3,$4);}'
cp -p 5_dataset_classes/BlGtBilledChgOutput.java         /Users/hakgu/Projects/gerrit/NinjaCore/ninja-core-root/core/src/no/netcom/ninja/core/system/tuxedo/service/parameters/
cp -p 5_dataset_classes/CsGtSubRankOutput.java           /Users/hakgu/Projects/gerrit/NinjaCore/ninja-core-root/core/src/no/netcom/ninja/core/system/tuxedo/service/parameters/
cp -p 5_dataset_classes/CsSvOrgDepInput.java             /Users/hakgu/Projects/gerrit/NinjaCore/ninja-core-root/core/src/no/netcom/ninja/core/system/tuxedo/service/parameters/
cp -p 5_dataset_classes/CsSvOrgDepOutput.java            /Users/hakgu/Projects/gerrit/NinjaCore/ninja-core-root/core/src/no/netcom/ninja/core/system/tuxedo/service/parameters/
$
